#-----------------------------------------------------------
# Vivado v2018.2 (64-bit)
# SW Build 2258646 on Thu Jun 14 20:03:12 MDT 2018
# IP Build 2256618 on Thu Jun 14 22:10:49 MDT 2018
# Start of session at: Thu Jul 30 21:32:35 2020
# Process ID: 17868
# Current directory: D:/Xilinx/VivadoProjects/Filter_WaveGenerator
# Command line: vivado.exe -gui_launcher_event rodinguilauncherevent17648 D:\Xilinx\VivadoProjects\Filter_WaveGenerator\Filter_WaveGenerator.xpr
# Log file: D:/Xilinx/VivadoProjects/Filter_WaveGenerator/vivado.log
# Journal file: D:/Xilinx/VivadoProjects/Filter_WaveGenerator\vivado.jou
#-----------------------------------------------------------
start_gui
open_project D:/Xilinx/VivadoProjects/Filter_WaveGenerator/Filter_WaveGenerator.xpr
update_compile_order -fileset sources_1
launch_simulation
source tb_Top.tcl
relaunch_sim
run 10 ms
reset_run synth_1
launch_runs impl_1 -jobs 2
wait_on_run impl_1
launch_runs impl_1 -to_step write_bitstream -jobs 2
wait_on_run impl_1
close_sim
